
> my-agent-finance@0.1.0 build
> next build --webpack

Γû▓ Next.js 16.1.6 (webpack)
- Environments: .env.local
- Experiments (use with caution):
  ┬╖ optimizePackageImports

  Creating an optimized production build ...
Γ£ô Compiled successfully in 18.0s
  Running TypeScript ...
Failed to compile.

./src/app/(protected)/analytics/components/EnhancedCharts.tsx:30:41
Type error: Property 'total' does not exist on type 'PieLabelRenderProps'.

  28 |                         cy="50%"
  29 |                         labelLine={false}
> 30 |                         label={({ name, total }) => `${name} (${(total || 0).toLocaleString()})`}
     |                                         ^
  31 |                         outerRadius={80}
  32 |                         fill="#8884d8"
  33 |                         dataKey="total"
Next.js build worker exited with code: 1 and signal: null
